// Jest Snapshot v1, https://goo.gl/fbAQLP

exports[`Shows countries list 1`] = `
<div
  className="countries"
>
  <h1
    className="countries__title"
  >
    Countries List
  </h1>
  <div
    className="countries__container"
  >
    <nav
      className="countries__list"
    >
      <a
        className="countries__list__item"
        href="/countries/AA"
        onClick={[Function]}
      >
        Country AA
      </a>
      <a
        className="countries__list__item"
        href="/countries/BB"
        onClick={[Function]}
      >
        Country BB
      </a>
    </nav>
  </div>
</div>
`;

exports[`Shows loading sign 1`] = `
<div
  className="countries"
>
  <h1
    className="countries__title"
  >
    Countries List
  </h1>
  <div
    className="countries__container loading"
  >
    <span
      className="loader"
      style={
        Object {
          "border": "10px solid #f3f3f3",
          "borderTop": "10px solid #3498db",
          "height": "50px",
          "width": "50px",
        }
      }
    />
  </div>
</div>
`;
