// Jest Snapshot v1, https://goo.gl/fbAQLP

exports[`Renders content in wrapper 1`] = `
<header
  className="header"
>
  <div
    className="container"
  >
    <nav
      className="main-nav"
    >
      <a
        aria-current={false}
        className="main-nav__item"
        href="/"
        onClick={[Function]}
        style={undefined}
      >
        Main page
      </a>
      <a
        aria-current={false}
        className="main-nav__item"
        href="/countries"
        onClick={[Function]}
        style={undefined}
      >
        Countries
      </a>
      <a
        aria-current={false}
        className="main-nav__item"
        href="/indicators"
        onClick={[Function]}
        style={undefined}
      >
        Indicators
      </a>
    </nav>
  </div>
</header>
`;
