// Jest Snapshot v1, https://goo.gl/fbAQLP

exports[`Calls loadIndicator prop if indicator is not set 1`] = `
<div
  className="indicator"
/>
`;

exports[`Renders indicator info 1`] = `
<div
  className="indicator"
>
  <div
    className="indicator"
  >
    <h1>
      Indicator name
    </h1>
    <p>
      Source note
    </p>
    <p>
      Source: 
      Source organization
    </p>
    <div
      className="indicator__years"
    >
      <select
        className="styled-select"
        defaultValue=""
        id="year"
        onChange={[Function]}
      >
        <option
          hidden={true}
          value=""
        >
          Select year
        </option>
        <option
          data-year={2000}
        >
          2000
        </option>
        <option
          data-year={2001}
        >
          2001
        </option>
      </select>
    </div>
    <div
      className="indicator__data"
    />
  </div>
</div>
`;
